.......................................................ss............... [  7%]
........................................................................ [ 15%]
........................................................................ [ 23%]
.........................ss.s...........sssssssssssssssssssssss......... [ 31%]
......................FFF...................................F........... [ 39%]
..............................................ssFs.ssss..s.s............ [ 47%]
..........................s............................................. [ 54%]
........................................................................ [ 62%]
........................................................................ [ 70%]
........................................................................ [ 78%]
........................................................................ [ 86%]
........................................................................ [ 94%]
.............FFFFFF....................................                  [100%]
================================== FAILURES ===================================
_______________________ test_ffmpeg_binary_is_available _______________________

    def test_ffmpeg_binary_is_available() -> None:
>       assert ffmpeg_binary()
               ^^^^^^^^^^^^^^^

tests\test_production.py:50: 
_ _ _ _ _ _ _ _ _ _ _ _ _ _ _ _ _ _ _ _ _ _ _ _ _ _ _ _ _ _ _ _ _ _ _ _ _ _ _ _

    def ffmpeg_binary() -> str:
        """Locate the ``ffmpeg`` executable, raising if it is not on PATH."""
        binary = shutil.which("ffmpeg")
        if binary is None:
>           raise RuntimeError("ffmpeg is required for music ducking.")
E           RuntimeError: ffmpeg is required for music ducking.

src\content_factory\audio.py:31: RuntimeError
________________ test_duck_music_under_speech_produces_output _________________

tmp_path = WindowsPath('C:/Users/OS/AppData/Local/Temp/pytest-of-OS/pytest-1/test_duck_music_under_speech_p0')

    def test_duck_music_under_speech_produces_output(tmp_path: Path) -> None:
        music = tmp_path / "music.wav"
        voice = tmp_path / "voice.wav"
        out = tmp_path / "mixed.wav"
        _write_tone(music, 330.0, 0.2)
        _write_tone(voice, 660.0, 0.9)
>       result = duck_music_under_speech(str(music), str(voice), str(out))
                 ^^^^^^^^^^^^^^^^^^^^^^^^^^^^^^^^^^^^^^^^^^^^^^^^^^^^^^^^^

tests\test_production.py:59: 
_ _ _ _ _ _ _ _ _ _ _ _ _ _ _ _ _ _ _ _ _ _ _ _ _ _ _ _ _ _ _ _ _ _ _ _ _ _ _ _
src\content_factory\audio.py:51: in duck_music_under_speech
    binary = ffmpeg_binary()
             ^^^^^^^^^^^^^^^
_ _ _ _ _ _ _ _ _ _ _ _ _ _ _ _ _ _ _ _ _ _ _ _ _ _ _ _ _ _ _ _ _ _ _ _ _ _ _ _

    def ffmpeg_binary() -> str:
        """Locate the ``ffmpeg`` executable, raising if it is not on PATH."""
        binary = shutil.which("ffmpeg")
        if binary is None:
>           raise RuntimeError("ffmpeg is required for music ducking.")
E           RuntimeError: ffmpeg is required for music ducking.

src\content_factory\audio.py:31: RuntimeError
___________________________ test_duck_music_wrapper ___________________________

tmp_path = WindowsPath('C:/Users/OS/AppData/Local/Temp/pytest-of-OS/pytest-1/test_duck_music_wrapper0')

    def test_duck_music_wrapper(tmp_path: Path) -> None:
        music = tmp_path / "music.wav"
        voice = tmp_path / "voice.wav"
        out = tmp_path / "mixed.wav"
        _write_tone(music, 261.0, 0.2)
        _write_tone(voice, 523.0, 0.9)
>       duck_music(str(music), str(voice), str(out))

tests\test_production.py:71: 
_ _ _ _ _ _ _ _ _ _ _ _ _ _ _ _ _ _ _ _ _ _ _ _ _ _ _ _ _ _ _ _ _ _ _ _ _ _ _ _
src\content_factory\audio.py:85: in duck_music
    return duck_music_under_speech(
src\content_factory\audio.py:51: in duck_music_under_speech
    binary = ffmpeg_binary()
             ^^^^^^^^^^^^^^^
_ _ _ _ _ _ _ _ _ _ _ _ _ _ _ _ _ _ _ _ _ _ _ _ _ _ _ _ _ _ _ _ _ _ _ _ _ _ _ _

    def ffmpeg_binary() -> str:
        """Locate the ``ffmpeg`` executable, raising if it is not on PATH."""
        binary = shutil.which("ffmpeg")
        if binary is None:
>           raise RuntimeError("ffmpeg is required for music ducking.")
E           RuntimeError: ffmpeg is required for music ducking.

src\content_factory\audio.py:31: RuntimeError
______________________ test_render_duck_produces_output _______________________

client = <starlette.testclient.TestClient object at 0x0000028136A05C70>

    def test_render_duck_produces_output(client) -> None:
        music = _upload(client, "music.wav", _wav_bytes())
        voice = _upload(client, "voice.wav", _wav_bytes(amp=0.9))
>       resp = client.post(
            "/render/duck", json={"music_media_id": music, "voice_media_id": voice}
        )

tests\test_qa_api.py:189: 
_ _ _ _ _ _ _ _ _ _ _ _ _ _ _ _ _ _ _ _ _ _ _ _ _ _ _ _ _ _ _ _ _ _ _ _ _ _ _ _
.venv\Lib\site-packages\starlette\testclient.py:556: in post
    return super().post(
.venv\Lib\site-packages\httpx\_client.py:1144: in post
    return self.request(
.venv\Lib\site-packages\starlette\testclient.py:455: in request
    return super().request(
.venv\Lib\site-packages\httpx\_client.py:825: in request
    return self.send(request, auth=auth, follow_redirects=follow_redirects)
           ^^^^^^^^^^^^^^^^^^^^^^^^^^^^^^^^^^^^^^^^^^^^^^^^^^^^^^^^^^^^^^^^
.venv\Lib\site-packages\httpx\_client.py:914: in send
    response = self._send_handling_auth(
.venv\Lib\site-packages\httpx\_client.py:942: in _send_handling_auth
    response = self._send_handling_redirects(
.venv\Lib\site-packages\httpx\_client.py:979: in _send_handling_redirects
    response = self._send_single_request(request)
               ^^^^^^^^^^^^^^^^^^^^^^^^^^^^^^^^^^
.venv\Lib\site-packages\httpx\_client.py:1014: in _send_single_request
    response = transport.handle_request(request)
               ^^^^^^^^^^^^^^^^^^^^^^^^^^^^^^^^^
.venv\Lib\site-packages\starlette\testclient.py:354: in handle_request
    raise exc
.venv\Lib\site-packages\starlette\testclient.py:351: in handle_request
    portal.call(self.app, scope, receive, send)
.venv\Lib\site-packages\anyio\from_thread.py:340: in call
    return cast(T_Retval, self.start_task_soon(func, *args).result())
                          ^^^^^^^^^^^^^^^^^^^^^^^^^^^^^^^^^^^^^^^^^^
..\..\..\AppData\Roaming\uv\python\cpython-3.12-windows-x86_64-none\Lib\concurrent\futures\_base.py:456: in result
    return self.__get_result()
           ^^^^^^^^^^^^^^^^^^^
..\..\..\AppData\Roaming\uv\python\cpython-3.12-windows-x86_64-none\Lib\concurrent\futures\_base.py:401: in __get_result
    raise self._exception
.venv\Lib\site-packages\anyio\from_thread.py:265: in _call_func
    retval = await retval_or_awaitable
             ^^^^^^^^^^^^^^^^^^^^^^^^^
.venv\Lib\site-packages\fastapi\applications.py:1163: in __call__
    await super().__call__(scope, receive, send)
.venv\Lib\site-packages\starlette\applications.py:96: in __call__
    await self.middleware_stack(scope, receive, send)
.venv\Lib\site-packages\starlette\middleware\errors.py:186: in __call__
    raise exc
.venv\Lib\site-packages\starlette\middleware\errors.py:164: in __call__
    await self.app(scope, receive, _send)
.venv\Lib\site-packages\starlette\middleware\exceptions.py:63: in __call__
    await wrap_app_handling_exceptions(self.app, conn)(scope, receive, send)
.venv\Lib\site-packages\starlette\_exception_handler.py:53: in wrapped_app
    raise exc
.venv\Lib\site-packages\starlette\_exception_handler.py:42: in wrapped_app
    await app(scope, receive, sender)
.venv\Lib\site-packages\fastapi\middleware\asyncexitstack.py:18: in __call__
    await self.app(scope, receive, send)
.venv\Lib\site-packages\starlette\routing.py:670: in __call__
    await self.middleware_stack(scope, receive, send)
.venv\Lib\site-packages\fastapi\routing.py:2734: in app
    await route.handle(scope, receive, send)
.venv\Lib\site-packages\fastapi\routing.py:1780: in handle
    await self.original_router.handle(scope, receive, send)
.venv\Lib\site-packages\fastapi\routing.py:2789: in handle
    await included_router._handle_selected(scope, receive, send)
.venv\Lib\site-packages\fastapi\routing.py:1800: in _handle_selected
    await original_route.handle(scope, receive, send)
.venv\Lib\site-packages\fastapi\routing.py:1279: in handle
    await app(scope, receive, send)
.venv\Lib\site-packages\fastapi\routing.py:158: in app
    await wrap_app_handling_exceptions(app, request)(scope, receive, send)
.venv\Lib\site-packages\starlette\_exception_handler.py:53: in wrapped_app
    raise exc
.venv\Lib\site-packages\starlette\_exception_handler.py:42: in wrapped_app
    await app(scope, receive, sender)
.venv\Lib\site-packages\fastapi\routing.py:144: in app
    response = await f(request)
               ^^^^^^^^^^^^^^^^
.venv\Lib\site-packages\fastapi\routing.py:706: in app
    raw_response = await run_endpoint_function(
.venv\Lib\site-packages\fastapi\routing.py:354: in run_endpoint_function
    return await run_in_threadpool(dependant.call, **values)
           ^^^^^^^^^^^^^^^^^^^^^^^^^^^^^^^^^^^^^^^^^^^^^^^^^
.venv\Lib\site-packages\starlette\concurrency.py:34: in run_in_threadpool
    return await anyio.to_thread.run_sync(func)
           ^^^^^^^^^^^^^^^^^^^^^^^^^^^^^^^^^^^^
.venv\Lib\site-packages\anyio\to_thread.py:65: in run_sync
    return await get_async_backend().run_sync_in_worker_thread(
.venv\Lib\site-packages\anyio\_backends\_asyncio.py:2706: in run_sync_in_worker_thread
    return await future
           ^^^^^^^^^^^^
.venv\Lib\site-packages\anyio\_backends\_asyncio.py:1100: in run
    result = context.run(func, *args)
             ^^^^^^^^^^^^^^^^^^^^^^^^
src\content_factory\api\routers\qa.py:131: in render_duck
    return guard_value(lambda: service.render_duck(req))
           ^^^^^^^^^^^^^^^^^^^^^^^^^^^^^^^^^^^^^^^^^^^^^
src\content_factory\api\deps.py:59: in guard_value
    return fn()
           ^^^^
src\content_factory\api\routers\qa.py:131: in <lambda>
    return guard_value(lambda: service.render_duck(req))
                               ^^^^^^^^^^^^^^^^^^^^^^^^
src\content_factory\services\qa.py:317: in render_duck
    out_path = duck_music_under_speech(
src\content_factory\audio.py:51: in duck_music_under_speech
    binary = ffmpeg_binary()
             ^^^^^^^^^^^^^^^
_ _ _ _ _ _ _ _ _ _ _ _ _ _ _ _ _ _ _ _ _ _ _ _ _ _ _ _ _ _ _ _ _ _ _ _ _ _ _ _

    def ffmpeg_binary() -> str:
        """Locate the ``ffmpeg`` executable, raising if it is not on PATH."""
        binary = shutil.which("ffmpeg")
        if binary is None:
>           raise RuntimeError("ffmpeg is required for music ducking.")
E           RuntimeError: ffmpeg is required for music ducking.

src\content_factory\audio.py:31: RuntimeError
________________ test_render_endpoint_persists_and_serves_webm ________________

client = <starlette.testclient.TestClient object at 0x0000028133C38B60>

    def test_render_endpoint_persists_and_serves_webm(client) -> None:
        project = client.post(
            "/projects",
            json={
                "name": "Render endpoint",
                "topic": "A short rendering integration test",
                "target_language": "en",
                "duration_target_seconds": 5,
            },
        ).json()
        project_id = project["id"]
        script = "[Hook]\nA real server render.\n[Payoff]\nThe file exists."
        project = client.put(
            f"/projects/{project_id}/script",
            json={"script": script, "source_rights_confirmed": True},
        ).json()
        assert project["status"] == "script_review"
        project = client.post(
            f"/projects/{project_id}/approvals",
            json={"stage": "script", "verdict": "approved"},
        ).json()
        assert project["status"] == "script_approved"
        client.post(f"/projects/{project_id}/generate")
    
        for _ in range(20):
            project = client.get(f"/projects/{project_id}").json()
            if project["status"] == "video_review":
                break
            time.sleep(0.02)
        assert project["status"] == "video_review"
    
        rendered = client.post(f"/projects/{project_id}/render")
>       assert rendered.status_code == 200
E       assert 503 == 200
E        +  where 503 = <Response [503 Service Unavailable]>.status_code

tests\test_render.py:124: AssertionError
____________________ test_process_voice_podcast_roundtrip _____________________

    def test_process_voice_podcast_roundtrip() -> None:
>       wav = _tone_wav(1.2)
              ^^^^^^^^^^^^^^

tests\test_voice_engine.py:63: 
_ _ _ _ _ _ _ _ _ _ _ _ _ _ _ _ _ _ _ _ _ _ _ _ _ _ _ _ _ _ _ _ _ _ _ _ _ _ _ _
tests\test_voice_engine.py:32: in _tone_wav
    return subprocess.run(
..\..\..\AppData\Roaming\uv\python\cpython-3.12-windows-x86_64-none\Lib\subprocess.py:548: in run
    with Popen(*popenargs, **kwargs) as process:
         ^^^^^^^^^^^^^^^^^^^^^^^^^^^
..\..\..\AppData\Roaming\uv\python\cpython-3.12-windows-x86_64-none\Lib\subprocess.py:1026: in __init__
    self._execute_child(args, executable, preexec_fn, close_fds,
_ _ _ _ _ _ _ _ _ _ _ _ _ _ _ _ _ _ _ _ _ _ _ _ _ _ _ _ _ _ _ _ _ _ _ _ _ _ _ _

self = <Popen: returncode: None args: ['ffmpeg', '-v', 'error', '-f', 'f32le', '-ac...>
args = 'ffmpeg -v error -f f32le -ac 1 -ar 44100 -i - -y -f wav -'
executable = None, preexec_fn = None, close_fds = False, pass_fds = ()
cwd = None, env = None
startupinfo = <subprocess.STARTUPINFO object at 0x0000028133B925A0>
creationflags = 0, shell = False, p2cread = Handle(1712), p2cwrite = 11
c2pread = 12, c2pwrite = Handle(3288), errread = 13, errwrite = Handle(1184)
unused_restore_signals = True, unused_gid = None, unused_gids = None
unused_uid = None, unused_umask = -1, unused_start_new_session = False
unused_process_group = -1

    def _execute_child(self, args, executable, preexec_fn, close_fds,
                       pass_fds, cwd, env,
                       startupinfo, creationflags, shell,
                       p2cread, p2cwrite,
                       c2pread, c2pwrite,
                       errread, errwrite,
                       unused_restore_signals,
                       unused_gid, unused_gids, unused_uid,
                       unused_umask,
                       unused_start_new_session, unused_process_group):
        """Execute program (MS Windows version)"""
    
        assert not pass_fds, "pass_fds not supported on Windows."
    
        if isinstance(args, str):
            pass
        elif isinstance(args, bytes):
            if shell:
                raise TypeError('bytes args is not allowed on Windows')
            args = list2cmdline([args])
        elif isinstance(args, os.PathLike):
            if shell:
                raise TypeError('path-like args is not allowed when '
                                'shell is true')
            args = list2cmdline([args])
        else:
            args = list2cmdline(args)
    
        if executable is not None:
            executable = os.fsdecode(executable)
    
        # Process startup details
        if startupinfo is None:
            startupinfo = STARTUPINFO()
        else:
            # bpo-34044: Copy STARTUPINFO since it is modified above,
            # so the caller can reuse it multiple times.
            startupinfo = startupinfo.copy()
    
        use_std_handles = -1 not in (p2cread, c2pwrite, errwrite)
        if use_std_handles:
            startupinfo.dwFlags |= _winapi.STARTF_USESTDHANDLES
            startupinfo.hStdInput = p2cread
            startupinfo.hStdOutput = c2pwrite
            startupinfo.hStdError = errwrite
    
        attribute_list = startupinfo.lpAttributeList
        have_handle_list = bool(attribute_list and
                                "handle_list" in attribute_list and
                                attribute_list["handle_list"])
    
        # If we were given an handle_list or need to create one
        if have_handle_list or (use_std_handles and close_fds):
            if attribute_list is None:
                attribute_list = startupinfo.lpAttributeList = {}
            handle_list = attribute_list["handle_list"] = \
                list(attribute_list.get("handle_list", []))
    
            if use_std_handles:
                handle_list += [int(p2cread), int(c2pwrite), int(errwrite)]
    
            handle_list[:] = self._filter_handle_list(handle_list)
    
            if handle_list:
                if not close_fds:
                    warnings.warn("startupinfo.lpAttributeList['handle_list'] "
                                  "overriding close_fds", RuntimeWarning)
    
                # When using the handle_list we always request to inherit
                # handles but the only handles that will be inherited are
                # the ones in the handle_list
                close_fds = False
    
        if shell:
            startupinfo.dwFlags |= _winapi.STARTF_USESHOWWINDOW
            startupinfo.wShowWindow = _winapi.SW_HIDE
            if not executable:
                # gh-101283: without a fully-qualified path, before Windows
                # checks the system directories, it first looks in the
                # application directory, and also the current directory if
                # NeedCurrentDirectoryForExePathW(ExeName) is true, so try
                # to avoid executing unqualified "cmd.exe".
                comspec = os.environ.get('ComSpec')
                if not comspec:
                    system_root = os.environ.get('SystemRoot', '')
                    comspec = os.path.join(system_root, 'System32', 'cmd.exe')
                    if not os.path.isabs(comspec):
                        raise FileNotFoundError('shell not found: neither %ComSpec% nor %SystemRoot% is set')
                if os.path.isabs(comspec):
                    executable = comspec
            else:
                comspec = executable
    
            args = '{} /c "{}"'.format (comspec, args)
    
        if cwd is not None:
            cwd = os.fsdecode(cwd)
    
        sys.audit("subprocess.Popen", executable, args, cwd, env)
    
        # Start the process
        try:
>           hp, ht, pid, tid = _winapi.CreateProcess(executable, args,
                                     # no special security
                                     None, None,
                                     int(not close_fds),
                                     creationflags,
                                     env,
                                     cwd,
                                     startupinfo)
E                                    FileNotFoundError: [WinError 2] The system cannot find the file specified

..\..\..\AppData\Roaming\uv\python\cpython-3.12-windows-x86_64-none\Lib\subprocess.py:1538: FileNotFoundError
______________________ test_process_voice_custom_params _______________________

    def test_process_voice_custom_params() -> None:
>       wav = _tone_wav(0.8)
              ^^^^^^^^^^^^^^

tests\test_voice_engine.py:74: 
_ _ _ _ _ _ _ _ _ _ _ _ _ _ _ _ _ _ _ _ _ _ _ _ _ _ _ _ _ _ _ _ _ _ _ _ _ _ _ _
tests\test_voice_engine.py:32: in _tone_wav
    return subprocess.run(
..\..\..\AppData\Roaming\uv\python\cpython-3.12-windows-x86_64-none\Lib\subprocess.py:548: in run
    with Popen(*popenargs, **kwargs) as process:
         ^^^^^^^^^^^^^^^^^^^^^^^^^^^
..\..\..\AppData\Roaming\uv\python\cpython-3.12-windows-x86_64-none\Lib\subprocess.py:1026: in __init__
    self._execute_child(args, executable, preexec_fn, close_fds,
_ _ _ _ _ _ _ _ _ _ _ _ _ _ _ _ _ _ _ _ _ _ _ _ _ _ _ _ _ _ _ _ _ _ _ _ _ _ _ _

self = <Popen: returncode: None args: ['ffmpeg', '-v', 'error', '-f', 'f32le', '-ac...>
args = 'ffmpeg -v error -f f32le -ac 1 -ar 44100 -i - -y -f wav -'
executable = None, preexec_fn = None, close_fds = False, pass_fds = ()
cwd = None, env = None
startupinfo = <subprocess.STARTUPINFO object at 0x0000028133646B40>
creationflags = 0, shell = False, p2cread = Handle(1712), p2cwrite = 11
c2pread = 12, c2pwrite = Handle(1664), errread = 13, errwrite = Handle(1048)
unused_restore_signals = True, unused_gid = None, unused_gids = None
unused_uid = None, unused_umask = -1, unused_start_new_session = False
unused_process_group = -1

    def _execute_child(self, args, executable, preexec_fn, close_fds,
                       pass_fds, cwd, env,
                       startupinfo, creationflags, shell,
                       p2cread, p2cwrite,
                       c2pread, c2pwrite,
                       errread, errwrite,
                       unused_restore_signals,
                       unused_gid, unused_gids, unused_uid,
                       unused_umask,
                       unused_start_new_session, unused_process_group):
        """Execute program (MS Windows version)"""
    
        assert not pass_fds, "pass_fds not supported on Windows."
    
        if isinstance(args, str):
            pass
        elif isinstance(args, bytes):
            if shell:
                raise TypeError('bytes args is not allowed on Windows')
            args = list2cmdline([args])
        elif isinstance(args, os.PathLike):
            if shell:
                raise TypeError('path-like args is not allowed when '
                                'shell is true')
            args = list2cmdline([args])
        else:
            args = list2cmdline(args)
    
        if executable is not None:
            executable = os.fsdecode(executable)
    
        # Process startup details
        if startupinfo is None:
            startupinfo = STARTUPINFO()
        else:
            # bpo-34044: Copy STARTUPINFO since it is modified above,
            # so the caller can reuse it multiple times.
            startupinfo = startupinfo.copy()
    
        use_std_handles = -1 not in (p2cread, c2pwrite, errwrite)
        if use_std_handles:
            startupinfo.dwFlags |= _winapi.STARTF_USESTDHANDLES
            startupinfo.hStdInput = p2cread
            startupinfo.hStdOutput = c2pwrite
            startupinfo.hStdError = errwrite
    
        attribute_list = startupinfo.lpAttributeList
        have_handle_list = bool(attribute_list and
                                "handle_list" in attribute_list and
                                attribute_list["handle_list"])
    
        # If we were given an handle_list or need to create one
        if have_handle_list or (use_std_handles and close_fds):
            if attribute_list is None:
                attribute_list = startupinfo.lpAttributeList = {}
            handle_list = attribute_list["handle_list"] = \
                list(attribute_list.get("handle_list", []))
    
            if use_std_handles:
                handle_list += [int(p2cread), int(c2pwrite), int(errwrite)]
    
            handle_list[:] = self._filter_handle_list(handle_list)
    
            if handle_list:
                if not close_fds:
                    warnings.warn("startupinfo.lpAttributeList['handle_list'] "
                                  "overriding close_fds", RuntimeWarning)
    
                # When using the handle_list we always request to inherit
                # handles but the only handles that will be inherited are
                # the ones in the handle_list
                close_fds = False
    
        if shell:
            startupinfo.dwFlags |= _winapi.STARTF_USESHOWWINDOW
            startupinfo.wShowWindow = _winapi.SW_HIDE
            if not executable:
                # gh-101283: without a fully-qualified path, before Windows
                # checks the system directories, it first looks in the
                # application directory, and also the current directory if
                # NeedCurrentDirectoryForExePathW(ExeName) is true, so try
                # to avoid executing unqualified "cmd.exe".
                comspec = os.environ.get('ComSpec')
                if not comspec:
                    system_root = os.environ.get('SystemRoot', '')
                    comspec = os.path.join(system_root, 'System32', 'cmd.exe')
                    if not os.path.isabs(comspec):
                        raise FileNotFoundError('shell not found: neither %ComSpec% nor %SystemRoot% is set')
                if os.path.isabs(comspec):
                    executable = comspec
            else:
                comspec = executable
    
            args = '{} /c "{}"'.format (comspec, args)
    
        if cwd is not None:
            cwd = os.fsdecode(cwd)
    
        sys.audit("subprocess.Popen", executable, args, cwd, env)
    
        # Start the process
        try:
>           hp, ht, pid, tid = _winapi.CreateProcess(executable, args,
                                     # no special security
                                     None, None,
                                     int(not close_fds),
                                     creationflags,
                                     env,
                                     cwd,
                                     startupinfo)
E                                    FileNotFoundError: [WinError 2] The system cannot find the file specified

..\..\..\AppData\Roaming\uv\python\cpython-3.12-windows-x86_64-none\Lib\subprocess.py:1538: FileNotFoundError
_________________________ test_unknown_preset_raises __________________________

    def test_unknown_preset_raises() -> None:
        with pytest.raises(VoiceError, match="Unknown preset"):
>           process_voice(_tone_wav(0.3), preset="hypernova")
                          ^^^^^^^^^^^^^^

tests\test_voice_engine.py:94: 
_ _ _ _ _ _ _ _ _ _ _ _ _ _ _ _ _ _ _ _ _ _ _ _ _ _ _ _ _ _ _ _ _ _ _ _ _ _ _ _
tests\test_voice_engine.py:32: in _tone_wav
    return subprocess.run(
..\..\..\AppData\Roaming\uv\python\cpython-3.12-windows-x86_64-none\Lib\subprocess.py:548: in run
    with Popen(*popenargs, **kwargs) as process:
         ^^^^^^^^^^^^^^^^^^^^^^^^^^^
..\..\..\AppData\Roaming\uv\python\cpython-3.12-windows-x86_64-none\Lib\subprocess.py:1026: in __init__
    self._execute_child(args, executable, preexec_fn, close_fds,
_ _ _ _ _ _ _ _ _ _ _ _ _ _ _ _ _ _ _ _ _ _ _ _ _ _ _ _ _ _ _ _ _ _ _ _ _ _ _ _

self = <Popen: returncode: None args: ['ffmpeg', '-v', 'error', '-f', 'f32le', '-ac...>
args = 'ffmpeg -v error -f f32le -ac 1 -ar 44100 -i - -y -f wav -'
executable = None, preexec_fn = None, close_fds = False, pass_fds = ()
cwd = None, env = None
startupinfo = <subprocess.STARTUPINFO object at 0x00000281359DCCB0>
creationflags = 0, shell = False, p2cread = Handle(1712), p2cwrite = 11
c2pread = 12, c2pwrite = Handle(1308), errread = 13, errwrite = Handle(3616)
unused_restore_signals = True, unused_gid = None, unused_gids = None
unused_uid = None, unused_umask = -1, unused_start_new_session = False
unused_process_group = -1

    def _execute_child(self, args, executable, preexec_fn, close_fds,
                       pass_fds, cwd, env,
                       startupinfo, creationflags, shell,
                       p2cread, p2cwrite,
                       c2pread, c2pwrite,
                       errread, errwrite,
                       unused_restore_signals,
                       unused_gid, unused_gids, unused_uid,
                       unused_umask,
                       unused_start_new_session, unused_process_group):
        """Execute program (MS Windows version)"""
    
        assert not pass_fds, "pass_fds not supported on Windows."
    
        if isinstance(args, str):
            pass
        elif isinstance(args, bytes):
            if shell:
                raise TypeError('bytes args is not allowed on Windows')
            args = list2cmdline([args])
        elif isinstance(args, os.PathLike):
            if shell:
                raise TypeError('path-like args is not allowed when '
                                'shell is true')
            args = list2cmdline([args])
        else:
            args = list2cmdline(args)
    
        if executable is not None:
            executable = os.fsdecode(executable)
    
        # Process startup details
        if startupinfo is None:
            startupinfo = STARTUPINFO()
        else:
            # bpo-34044: Copy STARTUPINFO since it is modified above,
            # so the caller can reuse it multiple times.
            startupinfo = startupinfo.copy()
    
        use_std_handles = -1 not in (p2cread, c2pwrite, errwrite)
        if use_std_handles:
            startupinfo.dwFlags |= _winapi.STARTF_USESTDHANDLES
            startupinfo.hStdInput = p2cread
            startupinfo.hStdOutput = c2pwrite
            startupinfo.hStdError = errwrite
    
        attribute_list = startupinfo.lpAttributeList
        have_handle_list = bool(attribute_list and
                                "handle_list" in attribute_list and
                                attribute_list["handle_list"])
    
        # If we were given an handle_list or need to create one
        if have_handle_list or (use_std_handles and close_fds):
            if attribute_list is None:
                attribute_list = startupinfo.lpAttributeList = {}
            handle_list = attribute_list["handle_list"] = \
                list(attribute_list.get("handle_list", []))
    
            if use_std_handles:
                handle_list += [int(p2cread), int(c2pwrite), int(errwrite)]
    
            handle_list[:] = self._filter_handle_list(handle_list)
    
            if handle_list:
                if not close_fds:
                    warnings.warn("startupinfo.lpAttributeList['handle_list'] "
                                  "overriding close_fds", RuntimeWarning)
    
                # When using the handle_list we always request to inherit
                # handles but the only handles that will be inherited are
                # the ones in the handle_list
                close_fds = False
    
        if shell:
            startupinfo.dwFlags |= _winapi.STARTF_USESHOWWINDOW
            startupinfo.wShowWindow = _winapi.SW_HIDE
            if not executable:
                # gh-101283: without a fully-qualified path, before Windows
                # checks the system directories, it first looks in the
                # application directory, and also the current directory if
                # NeedCurrentDirectoryForExePathW(ExeName) is true, so try
                # to avoid executing unqualified "cmd.exe".
                comspec = os.environ.get('ComSpec')
                if not comspec:
                    system_root = os.environ.get('SystemRoot', '')
                    comspec = os.path.join(system_root, 'System32', 'cmd.exe')
                    if not os.path.isabs(comspec):
                        raise FileNotFoundError('shell not found: neither %ComSpec% nor %SystemRoot% is set')
                if os.path.isabs(comspec):
                    executable = comspec
            else:
                comspec = executable
    
            args = '{} /c "{}"'.format (comspec, args)
    
        if cwd is not None:
            cwd = os.fsdecode(cwd)
    
        sys.audit("subprocess.Popen", executable, args, cwd, env)
    
        # Start the process
        try:
>           hp, ht, pid, tid = _winapi.CreateProcess(executable, args,
                                     # no special security
                                     None, None,
                                     int(not close_fds),
                                     creationflags,
                                     env,
                                     cwd,
                                     startupinfo)
E                                    FileNotFoundError: [WinError 2] The system cannot find the file specified

..\..\..\AppData\Roaming\uv\python\cpython-3.12-windows-x86_64-none\Lib\subprocess.py:1538: FileNotFoundError
__________________________ test_garbage_audio_raises __________________________

    def test_garbage_audio_raises() -> None:
>       with pytest.raises(VoiceError, match=r"Cannot decode|Empty"):
             ^^^^^^^^^^^^^^^^^^^^^^^^^^^^^^^^^^^^^^^^^^^^^^^^^^^^^^^
E       AssertionError: Regex pattern did not match.
E         Expected regex: 'Cannot decode|Empty'
E         Actual message: 'ffmpeg is required for audio processing.'

tests\test_voice_engine.py:98: AssertionError
_______________ test_encode_decode_roundtrip_preserves_duration _______________

    def test_encode_decode_roundtrip_preserves_duration() -> None:
>       wav = _tone_wav(0.7)
              ^^^^^^^^^^^^^^

tests\test_voice_engine.py:103: 
_ _ _ _ _ _ _ _ _ _ _ _ _ _ _ _ _ _ _ _ _ _ _ _ _ _ _ _ _ _ _ _ _ _ _ _ _ _ _ _
tests\test_voice_engine.py:32: in _tone_wav
    return subprocess.run(
..\..\..\AppData\Roaming\uv\python\cpython-3.12-windows-x86_64-none\Lib\subprocess.py:548: in run
    with Popen(*popenargs, **kwargs) as process:
         ^^^^^^^^^^^^^^^^^^^^^^^^^^^
..\..\..\AppData\Roaming\uv\python\cpython-3.12-windows-x86_64-none\Lib\subprocess.py:1026: in __init__
    self._execute_child(args, executable, preexec_fn, close_fds,
_ _ _ _ _ _ _ _ _ _ _ _ _ _ _ _ _ _ _ _ _ _ _ _ _ _ _ _ _ _ _ _ _ _ _ _ _ _ _ _

self = <Popen: returncode: None args: ['ffmpeg', '-v', 'error', '-f', 'f32le', '-ac...>
args = 'ffmpeg -v error -f f32le -ac 1 -ar 44100 -i - -y -f wav -'
executable = None, preexec_fn = None, close_fds = False, pass_fds = ()
cwd = None, env = None
startupinfo = <subprocess.STARTUPINFO object at 0x0000028135738C50>
creationflags = 0, shell = False, p2cread = Handle(948), p2cwrite = 11
c2pread = 12, c2pwrite = Handle(2624), errread = 13, errwrite = Handle(3404)
unused_restore_signals = True, unused_gid = None, unused_gids = None
unused_uid = None, unused_umask = -1, unused_start_new_session = False
unused_process_group = -1

    def _execute_child(self, args, executable, preexec_fn, close_fds,
                       pass_fds, cwd, env,
                       startupinfo, creationflags, shell,
                       p2cread, p2cwrite,
                       c2pread, c2pwrite,
                       errread, errwrite,
                       unused_restore_signals,
                       unused_gid, unused_gids, unused_uid,
                       unused_umask,
                       unused_start_new_session, unused_process_group):
        """Execute program (MS Windows version)"""
    
        assert not pass_fds, "pass_fds not supported on Windows."
    
        if isinstance(args, str):
            pass
        elif isinstance(args, bytes):
            if shell:
                raise TypeError('bytes args is not allowed on Windows')
            args = list2cmdline([args])
        elif isinstance(args, os.PathLike):
            if shell:
                raise TypeError('path-like args is not allowed when '
                                'shell is true')
            args = list2cmdline([args])
        else:
            args = list2cmdline(args)
    
        if executable is not None:
            executable = os.fsdecode(executable)
    
        # Process startup details
        if startupinfo is None:
            startupinfo = STARTUPINFO()
        else:
            # bpo-34044: Copy STARTUPINFO since it is modified above,
            # so the caller can reuse it multiple times.
            startupinfo = startupinfo.copy()
    
        use_std_handles = -1 not in (p2cread, c2pwrite, errwrite)
        if use_std_handles:
            startupinfo.dwFlags |= _winapi.STARTF_USESTDHANDLES
            startupinfo.hStdInput = p2cread
            startupinfo.hStdOutput = c2pwrite
            startupinfo.hStdError = errwrite
    
        attribute_list = startupinfo.lpAttributeList
        have_handle_list = bool(attribute_list and
                                "handle_list" in attribute_list and
                                attribute_list["handle_list"])
    
        # If we were given an handle_list or need to create one
        if have_handle_list or (use_std_handles and close_fds):
            if attribute_list is None:
                attribute_list = startupinfo.lpAttributeList = {}
            handle_list = attribute_list["handle_list"] = \
                list(attribute_list.get("handle_list", []))
    
            if use_std_handles:
                handle_list += [int(p2cread), int(c2pwrite), int(errwrite)]
    
            handle_list[:] = self._filter_handle_list(handle_list)
    
            if handle_list:
                if not close_fds:
                    warnings.warn("startupinfo.lpAttributeList['handle_list'] "
                                  "overriding close_fds", RuntimeWarning)
    
                # When using the handle_list we always request to inherit
                # handles but the only handles that will be inherited are
                # the ones in the handle_list
                close_fds = False
    
        if shell:
            startupinfo.dwFlags |= _winapi.STARTF_USESHOWWINDOW
            startupinfo.wShowWindow = _winapi.SW_HIDE
            if not executable:
                # gh-101283: without a fully-qualified path, before Windows
                # checks the system directories, it first looks in the
                # application directory, and also the current directory if
                # NeedCurrentDirectoryForExePathW(ExeName) is true, so try
                # to avoid executing unqualified "cmd.exe".
                comspec = os.environ.get('ComSpec')
                if not comspec:
                    system_root = os.environ.get('SystemRoot', '')
                    comspec = os.path.join(system_root, 'System32', 'cmd.exe')
                    if not os.path.isabs(comspec):
                        raise FileNotFoundError('shell not found: neither %ComSpec% nor %SystemRoot% is set')
                if os.path.isabs(comspec):
                    executable = comspec
            else:
                comspec = executable
    
            args = '{} /c "{}"'.format (comspec, args)
    
        if cwd is not None:
            cwd = os.fsdecode(cwd)
    
        sys.audit("subprocess.Popen", executable, args, cwd, env)
    
        # Start the process
        try:
>           hp, ht, pid, tid = _winapi.CreateProcess(executable, args,
                                     # no special security
                                     None, None,
                                     int(not close_fds),
                                     creationflags,
                                     env,
                                     cwd,
                                     startupinfo)
E                                    FileNotFoundError: [WinError 2] The system cannot find the file specified

..\..\..\AppData\Roaming\uv\python\cpython-3.12-windows-x86_64-none\Lib\subprocess.py:1538: FileNotFoundError
___________________ test_duck_music_mixes_and_returns_audio ___________________

    def test_duck_music_mixes_and_returns_audio() -> None:
>       voice = _tone_wav(1.0, freq=220)
                ^^^^^^^^^^^^^^^^^^^^^^^^

tests\test_voice_engine.py:112: 
_ _ _ _ _ _ _ _ _ _ _ _ _ _ _ _ _ _ _ _ _ _ _ _ _ _ _ _ _ _ _ _ _ _ _ _ _ _ _ _
tests\test_voice_engine.py:32: in _tone_wav
    return subprocess.run(
..\..\..\AppData\Roaming\uv\python\cpython-3.12-windows-x86_64-none\Lib\subprocess.py:548: in run
    with Popen(*popenargs, **kwargs) as process:
         ^^^^^^^^^^^^^^^^^^^^^^^^^^^
..\..\..\AppData\Roaming\uv\python\cpython-3.12-windows-x86_64-none\Lib\subprocess.py:1026: in __init__
    self._execute_child(args, executable, preexec_fn, close_fds,
_ _ _ _ _ _ _ _ _ _ _ _ _ _ _ _ _ _ _ _ _ _ _ _ _ _ _ _ _ _ _ _ _ _ _ _ _ _ _ _

self = <Popen: returncode: None args: ['ffmpeg', '-v', 'error', '-f', 'f32le', '-ac...>
args = 'ffmpeg -v error -f f32le -ac 1 -ar 44100 -i - -y -f wav -'
executable = None, preexec_fn = None, close_fds = False, pass_fds = ()
cwd = None, env = None
startupinfo = <subprocess.STARTUPINFO object at 0x00000281336841A0>
creationflags = 0, shell = False, p2cread = Handle(948), p2cwrite = 11
c2pread = 12, c2pwrite = Handle(3268), errread = 13, errwrite = Handle(2628)
unused_restore_signals = True, unused_gid = None, unused_gids = None
unused_uid = None, unused_umask = -1, unused_start_new_session = False
unused_process_group = -1

    def _execute_child(self, args, executable, preexec_fn, close_fds,
                       pass_fds, cwd, env,
                       startupinfo, creationflags, shell,
                       p2cread, p2cwrite,
                       c2pread, c2pwrite,
                       errread, errwrite,
                       unused_restore_signals,
                       unused_gid, unused_gids, unused_uid,
                       unused_umask,
                       unused_start_new_session, unused_process_group):
        """Execute program (MS Windows version)"""
    
        assert not pass_fds, "pass_fds not supported on Windows."
    
        if isinstance(args, str):
            pass
        elif isinstance(args, bytes):
            if shell:
                raise TypeError('bytes args is not allowed on Windows')
            args = list2cmdline([args])
        elif isinstance(args, os.PathLike):
            if shell:
                raise TypeError('path-like args is not allowed when '
                                'shell is true')
            args = list2cmdline([args])
        else:
            args = list2cmdline(args)
    
        if executable is not None:
            executable = os.fsdecode(executable)
    
        # Process startup details
        if startupinfo is None:
            startupinfo = STARTUPINFO()
        else:
            # bpo-34044: Copy STARTUPINFO since it is modified above,
            # so the caller can reuse it multiple times.
            startupinfo = startupinfo.copy()
    
        use_std_handles = -1 not in (p2cread, c2pwrite, errwrite)
        if use_std_handles:
            startupinfo.dwFlags |= _winapi.STARTF_USESTDHANDLES
            startupinfo.hStdInput = p2cread
            startupinfo.hStdOutput = c2pwrite
            startupinfo.hStdError = errwrite
    
        attribute_list = startupinfo.lpAttributeList
        have_handle_list = bool(attribute_list and
                                "handle_list" in attribute_list and
                                attribute_list["handle_list"])
    
        # If we were given an handle_list or need to create one
        if have_handle_list or (use_std_handles and close_fds):
            if attribute_list is None:
                attribute_list = startupinfo.lpAttributeList = {}
            handle_list = attribute_list["handle_list"] = \
                list(attribute_list.get("handle_list", []))
    
            if use_std_handles:
                handle_list += [int(p2cread), int(c2pwrite), int(errwrite)]
    
            handle_list[:] = self._filter_handle_list(handle_list)
    
            if handle_list:
                if not close_fds:
                    warnings.warn("startupinfo.lpAttributeList['handle_list'] "
                                  "overriding close_fds", RuntimeWarning)
    
                # When using the handle_list we always request to inherit
                # handles but the only handles that will be inherited are
                # the ones in the handle_list
                close_fds = False
    
        if shell:
            startupinfo.dwFlags |= _winapi.STARTF_USESHOWWINDOW
            startupinfo.wShowWindow = _winapi.SW_HIDE
            if not executable:
                # gh-101283: without a fully-qualified path, before Windows
                # checks the system directories, it first looks in the
                # application directory, and also the current directory if
                # NeedCurrentDirectoryForExePathW(ExeName) is true, so try
                # to avoid executing unqualified "cmd.exe".
                comspec = os.environ.get('ComSpec')
                if not comspec:
                    system_root = os.environ.get('SystemRoot', '')
                    comspec = os.path.join(system_root, 'System32', 'cmd.exe')
                    if not os.path.isabs(comspec):
                        raise FileNotFoundError('shell not found: neither %ComSpec% nor %SystemRoot% is set')
                if os.path.isabs(comspec):
                    executable = comspec
            else:
                comspec = executable
    
            args = '{} /c "{}"'.format (comspec, args)
    
        if cwd is not None:
            cwd = os.fsdecode(cwd)
    
        sys.audit("subprocess.Popen", executable, args, cwd, env)
    
        # Start the process
        try:
>           hp, ht, pid, tid = _winapi.CreateProcess(executable, args,
                                     # no special security
                                     None, None,
                                     int(not close_fds),
                                     creationflags,
                                     env,
                                     cwd,
                                     startupinfo)
E                                    FileNotFoundError: [WinError 2] The system cannot find the file specified

..\..\..\AppData\Roaming\uv\python\cpython-3.12-windows-x86_64-none\Lib\subprocess.py:1538: FileNotFoundError
============================== warnings summary ===============================
.venv\Lib\site-packages\fastapi\testclient.py:1
  C:\Users\OS\Documents\GitHub\ai-content-factory\.venv\Lib\site-packages\fastapi\testclient.py:1: StarletteDeprecationWarning: Using `httpx` with `starlette.testclient` is deprecated; install `httpx2` instead.
    from starlette.testclient import TestClient as TestClient  # noqa

.venv\Lib\site-packages\starlette\testclient.py:53
  C:\Users\OS\Documents\GitHub\ai-content-factory\.venv\Lib\site-packages\starlette\testclient.py:53: DeprecationWarning: The anyio.abc.BlockingPortal alias is deprecated, use anyio.from_thread.BlockingPortal instead.
    _PortalFactoryType = Callable[[], AbstractContextManager[anyio.abc.BlockingPortal]]

-- Docs: https://docs.pytest.org/en/stable/how-to/capture-warnings.html
=========================== short test summary info ===========================
FAILED tests/test_production.py::test_ffmpeg_binary_is_available - RuntimeErr...
FAILED tests/test_production.py::test_duck_music_under_speech_produces_output
FAILED tests/test_production.py::test_duck_music_wrapper - RuntimeError: ffmp...
FAILED tests/test_qa_api.py::test_render_duck_produces_output - RuntimeError:...
FAILED tests/test_render.py::test_render_endpoint_persists_and_serves_webm - ...
FAILED tests/test_voice_engine.py::test_process_voice_podcast_roundtrip - Fil...
FAILED tests/test_voice_engine.py::test_process_voice_custom_params - FileNot...
FAILED tests/test_voice_engine.py::test_unknown_preset_raises - FileNotFoundE...
FAILED tests/test_voice_engine.py::test_garbage_audio_raises - AssertionError...
FAILED tests/test_voice_engine.py::test_encode_decode_roundtrip_preserves_duration
FAILED tests/test_voice_engine.py::test_duck_music_mixes_and_returns_audio - ...
